<html>
<body>
<pre>
<h1>킮ision Build Log</h1>
<h2>Tool Versions:</h2>
IDE-Version: μVision V5.34.0.0
Copyright (C) 2021 ARM Ltd and ARM Germany GmbH. All rights reserved.
License Information: y sh, future_ict, LIC=RWSKC-74SQ9-IWTJA-E6KLZ-FB8KA-H9EDK
 
Tool Versions:
Toolchain:       MDK-ARM Cortex-M0/M0+ for ST  Version: 5.34.0.0
Toolchain Path:  C:\Keil_v5\ARM\ARMCLANG\Bin
C Compiler:      ArmClang.exe V6.16
Assembler:       Armasm.exe V6.16
Linker/Locator:  ArmLink.exe V6.16
Library Manager: ArmAr.exe V6.16
Hex Converter:   FromElf.exe V6.16
CPU DLL:         SARMCM3.DLL V5.34.0.0
Dialog DLL:      DARMCM1.DLL V1.19.4.0
Target DLL:      Segger\JL2CM3.dll V2.99.38.0
Dialog DLL:      TARMCM1.DLL V1.14.3.0
 
<h2>Project:</h2>
C:\Users\재우\Documents\stm32\LORA_YSH\Projects\B-L072Z-LRWAN1\Applications\LoRaWAN\LoRaWAN_YSH\MDK-ARM\LoRaWAN_AT_Slave.uvprojx
Project File Date:  05/21/2021

<h2>Output:</h2>
*** Using Compiler 'V6.16', folder: 'C:\Keil_v5\ARM\ARMCLANG\Bin'
Rebuild target 'cmwx1zzabz_0xx'
compiling app_lorawan.c...
compiling lora_app.c...
compiling lora_info.c...
compiling lora_command.c...
compiling lora_at.c...
compiling CayenneLpp.c...
compiling test_rf.c...
compiling adc.c...
compiling dma.c...
compiling adc_if.c...
compiling main.c...
compiling rtc.c...
compiling stm32_lpm_if.c...
compiling rtc_if.c...
compiling stm32l0xx_hal_msp.c...
compiling stm32l0xx_it.c...
compiling sys_app.c...
compiling sys_debug.c...
compiling usart.c...
compiling sys_sensors.c...
compiling usart_if.c...
assembling startup_stm32l072xx.s...
../Core/Src/DS18B20.c(39): warning: implicit declaration of function 'Error_Handler' is invalid in C99 [-Wimplicit-function-declaration]
    Error_Handler();
    ^
../Core/Src/DS18B20.c(44): warning: implicit declaration of function 'Error_Handler' is invalid in C99 [-Wimplicit-function-declaration]
    Error_Handler();
    ^
../Core/Src/DS18B20.c(50): warning: implicit declaration of function 'Error_Handler' is invalid in C99 [-Wimplicit-function-declaration]
    Error_Handler();
    ^
../Core/Src/DS18B20.c(180): warning: implicitly declaring library function 'sprintf' with type 'int (char *, const char *, ...)' [-Wimplicit-function-declaration]
                        sprintf((char*)buf,"convert Fail \r\n");
                        ^
../Core/Src/DS18B20.c(180): note: include the header <stdio.h> or explicitly provide a declaration for 'sprintf'
4 warnings generated.
compiling DS18B20.c...
compiling b_l072z_lrwan1_bus.c...
compiling b-l072z-lrwan1.c...
compiling system_stm32l0xx.c...
compiling cmwx1zzabz_0xx.c...
compiling stm32l0xx_hal.c...
compiling stm32l0xx_hal_adc_ex.c...
compiling stm32l0xx_hal_cortex.c...
compiling stm32l0xx_hal_adc.c...
compiling stm32l0xx_hal_exti.c...
compiling stm32l0xx_hal_dma.c...
compiling stm32l0xx_hal_gpio.c...
compiling stm32l0xx_hal_pwr_ex.c...
compiling stm32l0xx_hal_pwr.c...
compiling stm32l0xx_hal_rcc_ex.c...
compiling stm32l0xx_hal_rcc.c...
compiling stm32l0xx_hal_i2c.c...
compiling stm32l0xx_hal_rtc.c...
compiling stm32l0xx_hal_rtc_ex.c...
compiling stm32l0xx_hal_tim_ex.c...
compiling stm32l0xx_hal_spi.c...
compiling stm32l0xx_hal_uart_ex.c...
compiling stm32l0xx_hal_uart.c...
compiling stm32l0xx_hal_tim.c...
compiling cmac.c...
compiling lorawan_aes.c...
compiling soft-se.c...
compiling NvmCtxMgmt.c...
compiling LmhpCompliance.c...
compiling LmHandler.c...
compiling LoRaMacAdr.c...
compiling LoRaMacClassB.c...
compiling LoRaMacCommands.c...
compiling LoRaMacConfirmQueue.c...
compiling LoRaMacParser.c...
compiling LoRaMacCrypto.c...
compiling LoRaMacSerializer.c...
compiling Region.c...
compiling LoRaMac.c...
compiling RegionAS923.c...
compiling RegionAU915.c...
compiling RegionCN470.c...
compiling RegionCN779.c...
compiling RegionCommon.c...
compiling RegionEU433.c...
compiling RegionEU868.c...
compiling RegionIN865.c...
compiling RegionKR920.c...
compiling RegionRU864.c...
compiling utilities.c...
compiling RegionUS915.c...
compiling stm32_adv_trace.c...
compiling stm32_lpm.c...
compiling stm32_mem.c...
compiling stm32_seq.c...
compiling sx1276.c...
compiling stm32_systime.c...
compiling stm32_timer.c...
compiling stm32_tiny_sscanf.c...
compiling stm32_tiny_vsnprintf.c...
linking...
Program Size: Code=61208 RO-data=7212 RW-data=464 ZI-data=8080  
After Build - User command #1: fromelf cmwx1zzabz_0xx\Exe\cmwx1zzabz_0xx.axf --bin --output=cmwx1zzabz_0xx\Exe\cmwx1zzabz_0xx.bin
"cmwx1zzabz_0xx\Exe\cmwx1zzabz_0xx.axf" - 0 Error(s), 4 Warning(s).

<h2>Software Packages used:</h2>

Package Vendor: ARM
                http://www.keil.com/pack/ARM.CMSIS.5.7.0.pack
                ARM.CMSIS.5.7.0
                CMSIS (Cortex Microcontroller Software Interface Standard)
   * Component: CORE Version: 5.4.0

Package Vendor: Keil
                http://www.keil.com/pack/Keil.STM32L0xx_DFP.2.1.0.pack
                Keil.STM32L0xx_DFP.2.1.0
                STMicroelectronics STM32L0 Series Device Support, Drivers and Examples

<h2>Collection of Component include folders:</h2>
  .\RTE\_cmwx1zzabz_0xx
  C:\Users\재우\AppData\Local\Arm\Packs\ARM\CMSIS\5.7.0\CMSIS\Core\Include
  C:\Users\재우\AppData\Local\Arm\Packs\Keil\STM32L0xx_DFP\2.1.0\Drivers\CMSIS\Device\ST\STM32L0xx\Include

<h2>Collection of Component Files used:</h2>

   * Component: ARM::CMSIS:CORE:5.4.0
Build Time Elapsed:  00:00:12
</pre>
</body>
</html>
